<html>
<body>
<pre>
<h1>礦ision Build Log</h1>
<h2>Tool Versions:</h2>
IDE-Version: μVision V5.21.1.0
Copyright (C) 2016 ARM Ltd and ARM Germany GmbH. All rights reserved.
License Information: 222222 222222, 222222, LIC=YA39H-W2BP6-632MB-2D9EV-H2EWF-C0LI2
 
Tool Versions:
Toolchain:       MDK-ARM Plus  Version: 5.21a
Toolchain Path:  C:\Keil_v5\ARM\ARMCC\Bin
C Compiler:      Armcc.exe V5.06 update 3 (build 300)
Assembler:       Armasm.exe V5.06 update 3 (build 300)
Linker/Locator:  ArmLink.exe V5.06 update 3 (build 300)
Library Manager: ArmAr.exe V5.06 update 3 (build 300)
Hex Converter:   FromElf.exe V5.06 update 3 (build 300)
CPU DLL:         SARMCM3.DLL V5.21a
Dialog DLL:      DARMSTM.DLL V1.66.0.1
Target DLL:      Segger\JL2CM3.dll V2.99.23.0
Dialog DLL:      TARMSTM.DLL V1.65.0.0
 
<h2>Project:</h2>
F:\5、代理产品资料类\9-4、散件STM32四轴飞机资料-V3.1\5、遥控器资料\遥控左手油门程序V3.6\Remoter_Ctrl3.6\ANO_Remoter.uvprojx
Project File Date:  07/02/2021

<h2>Output:</h2>
*** Using Compiler 'V5.06 update 3 (build 300)', folder: 'C:\Keil_v5\ARM\ARMCC\Bin'
Rebuild target 'ANO_Remoter_V2.0'
compiling ANO_Drv_SPI.c...
Driver\ANO_Drv_ADC.h(11): warning:  #1-D: last line of file ends without a newline
  #endif /* __ADC_H */ 
Driver\ANO_Drv_SPI.c: 1 warning, 0 errors
compiling ANO_Drv_Uart.c...
Driver\ANO_Drv_ADC.h(11): warning:  #1-D: last line of file ends without a newline
  #endif /* __ADC_H */ 
Driver\ANO_Drv_Uart.c: 1 warning, 0 errors
compiling ANO_Drv_LED.c...
Driver\ANO_Drv_ADC.h(11): warning:  #1-D: last line of file ends without a newline
  #endif /* __ADC_H */ 
Driver\ANO_Drv_LED.c(13): warning:  #177-D: function "Tim2_init" was declared but never referenced
  static void Tim2_init(void)
Driver\ANO_Drv_LED.c: 2 warnings, 0 errors
compiling ANO_Drv_ADC.c...
Driver\ANO_Drv_ADC.h(11): warning:  #1-D: last line of file ends without a newline
  #endif /* __ADC_H */ 
Driver\ANO_Drv_ADC.h(11): warning:  #1-D: last line of file ends without a newline
  #endif /* __ADC_H */ 
Driver\ANO_Drv_ADC.c: 2 warnings, 0 errors
compiling ANO_DT.c...
.\Driver\ANO_Drv_ADC.h(11): warning:  #1-D: last line of file ends without a newline
  #endif /* __ADC_H */ 
ANO_Remoter\ANO_DT.c: 1 warning, 0 errors
compiling stm32f10x_it.c...
Driver\ANO_Drv_ADC.h(11): warning:  #1-D: last line of file ends without a newline
  #endif /* __ADC_H */ 
Driver\stm32f10x_it.c: 1 warning, 0 errors
compiling main.c...
.\Driver\ANO_Drv_ADC.h(11): warning:  #1-D: last line of file ends without a newline
  #endif /* __ADC_H */ 
ANO_Remoter\main.c: 1 warning, 0 errors
compiling ANO_Param.c...
.\Driver\ANO_Drv_ADC.h(11): warning:  #1-D: last line of file ends without a newline
  #endif /* __ADC_H */ 
ANO_Remoter\ANO_Param.c: 1 warning, 0 errors
compiling board.c...
Driver\ANO_Drv_ADC.h(11): warning:  #1-D: last line of file ends without a newline
  #endif /* __ADC_H */ 
Driver\board.c: 1 warning, 0 errors
compiling ANO_Stick.c...
.\Driver\ANO_Drv_ADC.h(11): warning:  #1-D: last line of file ends without a newline
  #endif /* __ADC_H */ 
ANO_Remoter\ANO_Stick.c: 1 warning, 0 errors
compiling oledfont.c...
.\Driver\ANO_Drv_ADC.h(11): warning:  #1-D: last line of file ends without a newline
  #endif /* __ADC_H */ 
Driver\OLED\oledfont.c: 1 warning, 0 errors
compiling ANO_Scheduler.c...
.\Driver\ANO_Drv_ADC.h(11): warning:  #1-D: last line of file ends without a newline
  #endif /* __ADC_H */ 
ANO_Remoter\ANO_Scheduler.c: 1 warning, 0 errors
compiling ANO_Drv_Nrf24l01.c...
Driver\ANO_Drv_ADC.h(11): warning:  #1-D: last line of file ends without a newline
  #endif /* __ADC_H */ 
Driver\ANO_Drv_Nrf24l01.c: 1 warning, 0 errors
compiling oled.c...
.\Driver\ANO_Drv_ADC.h(11): warning:  #1-D: last line of file ends without a newline
  #endif /* __ADC_H */ 
Driver\OLED\oled.c: 1 warning, 0 errors
compiling show.c...
.\Driver\ANO_Drv_ADC.h(11): warning:  #1-D: last line of file ends without a newline
  #endif /* __ADC_H */ 
Driver\OLED\show.c: 1 warning, 0 errors
assembling startup_stm32f10x_md.s...
compiling ANO_Drv_Flash.c...
compiling ANO_Drv_Hid.c...
Driver\ANO_Drv_ADC.h(11): warning:  #1-D: last line of file ends without a newline
  #endif /* __ADC_H */ 
Driver\ANO_Drv_Hid.c: 1 warning, 0 errors
compiling ANO_Drv_I2C.c...
Driver\ANO_Drv_ADC.h(11): warning:  #1-D: last line of file ends without a newline
  #endif /* __ADC_H */ 
Driver\ANO_Drv_I2C.c: 1 warning, 0 errors
compiling Key.c...
.\Driver\ANO_Drv_ADC.h(11): warning:  #1-D: last line of file ends without a newline
  #endif /* __ADC_H */ 
Driver\Key.c(199): warning:  #1-D: last line of file ends without a newline
  }
Driver\Key.c: 2 warnings, 0 errors
compiling core_cm3.c...
compiling system_stm32f10x.c...
compiling misc.c...
compiling stm32f10x_rcc.c...
compiling stm32f10x_gpio.c...
compiling stm32f10x_flash.c...
compiling stm32f10x_spi.c...
compiling stm32f10x_usart.c...
compiling stm32f10x_tim.c...
compiling stm32f10x_dma.c...
compiling usb_init.c...
compiling stm32f10x_adc.c...
compiling usb_int.c...
compiling usb_mem.c...
compiling usb_core.c...
compiling usb_desc.c...
compiling usb_endp.c...
compiling usb_config.c...
compiling usb_regs.c...
compiling usb_istr.c...
compiling usb_prop.c...
compiling usb_pwr.c...
linking...
Program Size: Code=37504 RO-data=6224 RW-data=448 ZI-data=3384  
FromELF: creating hex file...
".\build\ANO_USB.axf" - 0 Error(s), 21 Warning(s).

<h2>Software Packages used:</h2>

Package Vendor: ARM
                http://www.keil.com/pack/ARM.CMSIS.4.5.0.pack
                ARM::CMSIS:CORE:4.3.0
                CMSIS (Cortex Microcontroller Software Interface Standard)
   * Component: CORE Version: 4.3.0

<h2>Collection of Component include folders:</h2>
  F:\5、代理产品资料类\9-4、散件STM32四轴飞机资料-V3.1\5、遥控器资料\遥控左手油门程序V3.6\Remoter_Ctrl3.6\RTE
  C:\Keil_v5\ARM\PACK\ARM\CMSIS\4.5.0\CMSIS\Include
  C:\Keil_v5\ARM\PACK\Keil\STM32F1xx_DFP\2.2.0\Device\Include

<h2>Collection of Component Files used:</h2>

   * Component: ARM::CMSIS:CORE:4.3.0
Build Time Elapsed:  00:00:02
</pre>
</body>
</html>
