<html>
<body>
<pre>
<h1>礦ision Build Log</h1>
<h2>Tool Versions:</h2>
IDE-Version: μVision V5.35.0.0
Copyright (C) 2021 ARM Ltd and ARM Germany GmbH. All rights reserved.
License Information: ywj ASUS, ASUS, LIC=TIVNB-2L4JN-KP2ZY-IBD1I-M43UR-F1SX7
 
Tool Versions:
Toolchain:       MDK-ARM Plus  Version: 5.35.0.2
Toolchain Path:  C:\keil51\ARM\ARMCC\Bin
C Compiler:      Armcc.exe V5.06 update 7 (build 960)
Assembler:       Armasm.exe V5.06 update 7 (build 960)
Linker/Locator:  ArmLink.exe V5.06 update 7 (build 960)
Library Manager: ArmAr.exe V5.06 update 7 (build 960)
Hex Converter:   FromElf.exe V5.06 update 7 (build 960)
CPU DLL:         SARMCM3.DLL V5.35.0.2
Dialog DLL:      DARMSTM.DLL V1.68.0.0
Target DLL:      Segger\JL2CM3.dll V2.99.40.0
Dialog DLL:      TARMSTM.DLL V1.66.0.0
 
<h2>Project:</h2>
D:\BaiduNetdiskDownload\9-4、散件STM32四轴飞机资料-V3.1\4、飞控板资料\DIY四轴C程序V3.0\LN_FXQ.uvprojx
Project File Date:  03/18/2026

<h2>Output:</h2>
*** Using Compiler 'V5.06 update 7 (build 960)', folder: 'C:\keil51\ARM\ARMCC\Bin'
Build target 'Target 1'
compiling core_cm3.c...
compiling main.c...
USER\scheduler.h(21): warning:  #1295-D: Deprecated declaration Duty_2ms - give arg types
  void Duty_2ms();
USER\scheduler.h(22): warning:  #1295-D: Deprecated declaration Duty_4ms - give arg types
  void Duty_4ms();
USER\scheduler.h(23): warning:  #1295-D: Deprecated declaration Duty_6ms - give arg types
  void Duty_6ms();
USER\scheduler.h(24): warning:  #1295-D: Deprecated declaration Duty_10ms - give arg types
  void Duty_10ms();
USER\scheduler.h(25): warning:  #1295-D: Deprecated declaration Duty_20ms - give arg types
  void Duty_20ms();
USER\scheduler.h(26): warning:  #1295-D: Deprecated declaration Duty_50ms - give arg types
  void Duty_50ms();
USER\scheduler.h(27): warning:  #1295-D: Deprecated declaration Duty_1000ms - give arg types
  void Duty_1000ms();
USER\scheduler.h(28): warning:  #1-D: last line of file ends without a newline
  #endif
USER\main.c: 8 warnings, 0 errors
compiling stm32f10x_cec.c...
compiling stm32f10x_bkp.c...
assembling startup_stm32f10x_md.s...
compiling delay.c...
USER\scheduler.h(21): warning:  #1295-D: Deprecated declaration Duty_2ms - give arg types
  void Duty_2ms();
USER\scheduler.h(22): warning:  #1295-D: Deprecated declaration Duty_4ms - give arg types
  void Duty_4ms();
USER\scheduler.h(23): warning:  #1295-D: Deprecated declaration Duty_6ms - give arg types
  void Duty_6ms();
USER\scheduler.h(24): warning:  #1295-D: Deprecated declaration Duty_10ms - give arg types
  void Duty_10ms();
USER\scheduler.h(25): warning:  #1295-D: Deprecated declaration Duty_20ms - give arg types
  void Duty_20ms();
USER\scheduler.h(26): warning:  #1295-D: Deprecated declaration Duty_50ms - give arg types
  void Duty_50ms();
USER\scheduler.h(27): warning:  #1295-D: Deprecated declaration Duty_1000ms - give arg types
  void Duty_1000ms();
USER\scheduler.h(28): warning:  #1-D: last line of file ends without a newline
  #endif
USER\delay.c: 8 warnings, 0 errors
compiling misc.c...
compiling INIT.c...
compiling stm32f10x_adc.c...
compiling stm32f10x_it.c...
compiling stm32f10x_crc.c...
compiling sys.c...
compiling system_stm32f10x.c...
compiling stm32f10x_dac.c...
compiling scheduler.c...
USER\scheduler.h(21): warning:  #1295-D: Deprecated declaration Duty_2ms - give arg types
  void Duty_2ms();
USER\scheduler.h(22): warning:  #1295-D: Deprecated declaration Duty_4ms - give arg types
  void Duty_4ms();
USER\scheduler.h(23): warning:  #1295-D: Deprecated declaration Duty_6ms - give arg types
  void Duty_6ms();
USER\scheduler.h(24): warning:  #1295-D: Deprecated declaration Duty_10ms - give arg types
  void Duty_10ms();
USER\scheduler.h(25): warning:  #1295-D: Deprecated declaration Duty_20ms - give arg types
  void Duty_20ms();
USER\scheduler.h(26): warning:  #1295-D: Deprecated declaration Duty_50ms - give arg types
  void Duty_50ms();
USER\scheduler.h(27): warning:  #1295-D: Deprecated declaration Duty_1000ms - give arg types
  void Duty_1000ms();
USER\scheduler.h(28): warning:  #1-D: last line of file ends without a newline
  #endif
USER\scheduler.c(169): warning:  #1-D: last line of file ends without a newline
  //////////////////////////end///////////////////////////////////////////
USER\scheduler.c: 9 warnings, 0 errors
compiling stm32f10x_can.c...
compiling stm32f10x_dbgmcu.c...
compiling stm32f10x_exti.c...
compiling stm32f10x_dma.c...
compiling stm32f10x_flash.c...
compiling stm32f10x_gpio.c...
compiling stm32f10x_fsmc.c...
compiling stm32f10x_iwdg.c...
compiling stm32f10x_pwr.c...
compiling stm32f10x_i2c.c...
compiling stm32f10x_rtc.c...
compiling stm32f10x_rcc.c...
compiling stm32f10x_sdio.c...
compiling stm32f10x_spi.c...
compiling stm32f10x_wwdg.c...
compiling stm32f10x_usart.c...
compiling GPIO.c...
compiling IIC_SOFTWARE.c...
compiling TIM.c...
compiling stm32f10x_tim.c...
compiling ADC.c...
CONFIG\ADC.c(178): warning:  #1-D: last line of file ends without a newline
  }
CONFIG\ADC.c: 1 warning, 0 errors
compiling Spi.c...
compiling USART3.c...
compiling Uart1.c...
CONFIG\Uart1.c(127): warning:  #1-D: last line of file ends without a newline
  }
CONFIG\Uart1.c: 1 warning, 0 errors
compiling USART2.c...
compiling LED.c...
compiling nrf24l01.c...
compiling mpu6050.c...
compiling remote.c...
HAL\remote.c(65): warning:  #177-D: variable "yaw_ratio"  was declared but never referenced
  							const float yaw_ratio =  0.0015f;    
HAL\remote.c(97): warning:  #174-D: expression has no effect
  					LIMIT(Remote.roll,1000,2000);
HAL\remote.c(99): warning:  #174-D: expression has no effect
  					LIMIT(Remote.pitch,1000,2000);
HAL\remote.c(101): warning:  #174-D: expression has no effect
  					LIMIT(Remote.yaw,1000,2000);		
HAL\remote.c(120): warning:  #174-D: expression has no effect
  					LIMIT(Remote.thr,1000,2000);			
HAL\remote.c: 5 warnings, 0 errors
compiling ANO_DT.c...
HAL\ANO_DT.c(82): warning:  #177-D: variable "CMD2"  was declared but never referenced
  				 }CMD2;
HAL\ANO_DT.c(576): warning:  #174-D: expression has no effect
  			  LIMIT(Remote.thr,1000,2000);
HAL\ANO_DT.c(578): warning:  #174-D: expression has no effect
  				LIMIT(Remote.yaw,1000,2000);
HAL\ANO_DT.c(580): warning:  #174-D: expression has no effect
  			  LIMIT(Remote.roll,1000,2000);
HAL\ANO_DT.c(582): warning:  #174-D: expression has no effect
  			  LIMIT(Remote.pitch,1000,2000);
HAL\ANO_DT.c(584): warning:  #174-D: expression has no effect
  			  LIMIT(Remote.AUX1,1000,2000);
HAL\ANO_DT.c(586): warning:  #174-D: expression has no effect
  			  LIMIT(Remote.AUX2,1000,2000);
HAL\ANO_DT.c(588): warning:  #174-D: expression has no effect
  			  LIMIT(Remote.AUX3,1000,2000);
HAL\ANO_DT.c(590): warning:  #174-D: expression has no effect
  			  LIMIT(Remote.AUX4,1000,2000);
HAL\ANO_DT.c(592): warning:  #174-D: expression has no effect
  			  LIMIT(Remote.AUX5,1000,2000);
HAL\ANO_DT.c(594): warning:  #174-D: expression has no effect
  				LIMIT(Remote.AUX6,1000,2000);
HAL\ANO_DT.c: 11 warnings, 0 errors
compiling control.c...
compiling imu.c...
MATH\imu.c(111): warning:  #1-D: last line of file ends without a newline
  }
MATH\imu.c: 1 warning, 0 errors
compiling pid.c...
compiling WIFI_UFO.c...
HAL\WIFI_UFO.c(92): warning:  #174-D: expression has no effect
  	LIMIT(Remote.thr,1000,2000);
HAL\WIFI_UFO.c(94): warning:  #174-D: expression has no effect
  	LIMIT(Remote.yaw,1000,2000);
HAL\WIFI_UFO.c(97): warning:  #174-D: expression has no effect
   	LIMIT(Remote.roll,1000,2000);
HAL\WIFI_UFO.c(100): warning:  #174-D: expression has no effect
  	LIMIT(Remote.pitch,1000,2000);
HAL\WIFI_UFO.c(81): warning:  #550-D: variable "wifi_RxBuffer22"  was set but never used
  static u8 wifi_RxBuffer22[8];
HAL\WIFI_UFO.c: 5 warnings, 0 errors
compiling ANO_Data_Transfer.c...
compiling filter.c...
compiling kalman.c...
compiling myMath.c...
linking...
Program Size: Code=24092 RO-data=388 RW-data=360 ZI-data=3792  
FromELF: creating hex file...
".\Output\FJCX.axf" - 0 Error(s), 49 Warning(s).

<h2>Software Packages used:</h2>

Package Vendor: Keil
                http://www.keil.com/pack/Keil.STM32F1xx_DFP.2.3.0.pack
                Keil.STM32F1xx_DFP.2.3.0
                STMicroelectronics STM32F1 Series Device Support, Drivers and Examples

<h2>Collection of Component include folders:</h2>
  C:\keil51_pack\Keil\STM32F1xx_DFP\2.3.0\Device\Include

<h2>Collection of Component Files used:</h2>
Build Time Elapsed:  00:00:02
</pre>
</body>
</html>
